Testing AI Response...
node.exe : [AI] Gemini 
error: 404 {
At line:1 char:1
+ & "C:\Program 
Files\nodejs/node.exe" 
"C:\Program 
Files\nodejs/node_mo ...
+ ~~~~~~~~~~~~~~~~~~~~~~~~~
~~~~~~~~~~~~~~~~~~~~~~~~~~~
~~~~~~~~~~~~~~~~~
    + CategoryInfo         
     : NotSpecified: ([AI  
  ] Gemini error: 404 {:   
 String) [], RemoteExce    
ption
    + FullyQualifiedErrorI 
   d : NativeCommandError
 
  "error": {
    "code": 404,
    "message": 
"models/gemini-1.5-flash 
is not found for API 
version v1beta, or is not 
supported for 
generateContent. Call 
ListModels to see the list 
of available models and 
their supported methods.",
    "status": "NOT_FOUND"
  }
}

FAILED! No response 
received. Check API keys.
